> Task :app:checkKotlinGradlePluginConfigurationErrors
> Task :app:preBuild UP-TO-DATE
> Task :app:preDebugBuild UP-TO-DATE
> Task :app:checkDebugAarMetadata UP-TO-DATE
> Task :app:generateDebugResValues UP-TO-DATE
> Task :app:mapDebugSourceSetPaths UP-TO-DATE
> Task :app:generateDebugResources UP-TO-DATE
> Task :app:mergeDebugResources UP-TO-DATE
> Task :app:packageDebugResources UP-TO-DATE
> Task :app:parseDebugLocalResources UP-TO-DATE
> Task :app:createDebugCompatibleScreenManifests UP-TO-DATE
> Task :app:extractDeepLinksDebug UP-TO-DATE
> Task :app:processDebugMainManifest UP-TO-DATE
> Task :app:processDebugManifest UP-TO-DATE
> Task :app:processDebugManifestForPackage UP-TO-DATE
> Task :app:processDebugResources UP-TO-DATE

> Task :app:compileDebugKotlin FAILED
e: file:///Users/elgunqasimzade/Downloads/daily-deals-export/screens/DailyDealsApp/app/src/main/java/com/example/dailydeals/ui/screens/FamilyMainScreen.kt:343:90 Unresolved reference: KeyboardArrowUp
e: file:///Users/elgunqasimzade/Downloads/daily-deals-export/screens/DailyDealsApp/app/src/main/java/com/example/dailydeals/ui/screens/FamilyMainScreen.kt:343:150 Unresolved reference: KeyboardArrowDown
e: file:///Users/elgunqasimzade/Downloads/daily-deals-export/screens/DailyDealsApp/app/src/main/java/com/example/dailydeals/ui/screens/FamilyMainScreen.kt:392:73 Unresolved reference: ContentCopy
e: file:///Users/elgunqasimzade/Downloads/daily-deals-export/screens/DailyDealsApp/app/src/main/java/com/example/dailydeals/ui/screens/FamilyMainScreen.kt:412:69 Unresolved reference: List
e: file:///Users/elgunqasimzade/Downloads/daily-deals-export/screens/DailyDealsApp/app/src/main/java/com/example/dailydeals/ui/screens/FamilyMainScreen.kt:432:69 Unresolved reference: ChevronRight

[Incubating] Problems report is available at: file:///Users/elgunqasimzade/Downloads/daily-deals-export/screens/DailyDealsApp/build/reports/problems/problems-report.html

FAILURE: Build failed with an exception.

* What went wrong:
Execution failed for task ':app:compileDebugKotlin'.
> A failure occurred while executing org.jetbrains.kotlin.compilerRunner.GradleCompilerRunnerWithWorkers$GradleKotlinCompilerWorkAction
   > Compilation error. See log for more details

* Try:
> Run with --stacktrace option to get the stack trace.
> Run with --info or --debug option to get more log output.
> Run with --scan to get full insights.
> Get more help at https://help.gradle.org.

Deprecated Gradle features were used in this build, making it incompatible with Gradle 10.0.

You can use '--warning-mode all' to show the individual deprecation warnings and determine if they come from your own scripts or plugins.

For more on this, please refer to https://docs.gradle.org/9.0-milestone-1/userguide/command_line_interface.html#sec:command_line_warnings in the Gradle documentation.

BUILD FAILED in 5s
14 actionable tasks: 2 executed, 12 up-to-date
